data:
  name: cylinder
  root: data/cylinder_flow
  norm_stats_path: data/cylinder_flow/torch/norm_stats.pt
  batch_size: 8
  num_workers: 4
  train_in_memory: true
  valid_in_memory: true
  test_in_memory: true
  max_train_trajectories: 100
  max_valid_trajectories: 10
  max_test_trajectories: null
  train_noise_std: 0.02
  train_noise_gamma: 1.0
model:
  name: mgn
  net:
    _target_: flowers_gnn.models.mgn.MGN
    latent_size: 128
    num_mp_steps: 15
train:
  epochs: 2
  optimizer:
    _target_: torch.optim.AdamW
    lr: 0.0001
    weight_decay: 0.0001
  lr_scheduler:
    warmup_epochs: 1
    eta_min_factor: 0.1
  rollout:
    horizons:
    - 1
    - 10
    - 20
    - 50
    - 100
    - 200
    max_trajectories: 5
    eval_every_n_epochs: 1
  checkpoint:
    save_every_n_epochs: 1
    keep_last: 3
resume_from: null
experiment:
  name: ${model.name}_${data.name}
  seed: 42
  project: flowers-gn
  wandb_mode: disabled
device: auto
output_dir: outputs/${experiment.name}_${now:%Y%m%d_%H%M%S}

Using device: cuda
Model mgn: 2,332,930 params
[epoch 1] train loss 0.296280  (577.4s)
[epoch 1] valid loss 0.127196
[epoch 1] rollout: rmse_1_steps=0.0253, rmse_10_steps=0.0451, rmse_20_steps=0.0563, rmse_50_steps=0.0897, rmse_100_steps=0.1519, rmse_200_steps=0.2930
[epoch 2] train loss 0.080382  (580.4s)
[epoch 2] valid loss 0.062292
[epoch 2] rollout: rmse_1_steps=0.0184, rmse_10_steps=0.0297, rmse_20_steps=0.0356, rmse_50_steps=0.0505, rmse_100_steps=0.0770, rmse_200_steps=0.1110
Training complete.
