Job started on Tue Aug 18 15:26:24 CEST 2026
Running on node: sgr06
Job ID: 20755070
GPU info:
Tue Aug 18 15:26:25 2026       
+-----------------------------------------------------------------------------------------+
| NVIDIA-SMI 580.126.20             Driver Version: 580.126.20     CUDA Version: 13.0     |
+-----------------------------------------+------------------------+----------------------+
| GPU  Name                 Persistence-M | Bus-Id          Disp.A | Volatile Uncorr. ECC |
| Fan  Temp   Perf          Pwr:Usage/Cap |           Memory-Usage | GPU-Util  Compute M. |
|                                         |                        |               MIG M. |
|=========================================+========================+======================|
|   0  NVIDIA H200                    On  |   00000000:26:00.0 Off |                    0 |
| N/A   43C    P0             79W /  700W |     116MiB / 143771MiB |      0%      Default |
|                                         |                        |             Disabled |
+-----------------------------------------+------------------------+----------------------+

+-----------------------------------------------------------------------------------------+
| Processes:                                                                              |
|  GPU   GI   CI              PID   Type   Process name                        GPU Memory |
|        ID   ID                                                               Usage      |
|=========================================================================================|
|    0   N/A  N/A            7070      G   /usr/lib/xorg/Xorg                      106MiB |
+-----------------------------------------------------------------------------------------+
CUDA available: True
Device: NVIDIA H200
Starting fresh run (no checkpoint found)
data:
  name: cylinder
  root: data/cylinder_flow
  norm_stats_path: data/cylinder_flow/torch/norm_stats.pt
  batch_size: 8
  num_workers: 8
  train_in_memory: true
  valid_in_memory: true
  test_in_memory: true
  max_train_trajectories: null
  max_valid_trajectories: null
  max_test_trajectories: null
  train_noise_std: 0.02
  train_noise_gamma: 1.0
model:
  name: flowers_mesh
  net:
    _target_: flowers_gnn.models.flowers_mesh.FlowersMesh
    latent_dim: 128
    num_blocks: 16
    num_heads: 32
    k_interp: 3
train:
  epochs: 30
  optimizer:
    _target_: torch.optim.AdamW
    lr: 0.0001
    weight_decay: 0.0001
  lr_scheduler:
    warmup_epochs: 1
    eta_min_factor: 0.1
  rollout:
    horizons:
    - 1
    - 10
    - 20
    - 50
    - 100
    - 200
    max_trajectories: 20
    eval_every_n_epochs: 1
  checkpoint:
    save_every_n_epochs: 1
    keep_last: 3
resume_from: null
experiment:
  name: ${model.name}_${data.name}
  seed: 42
  project: flowers-gn
  wandb_mode: online
device: auto
output_dir: outputs/${experiment.name}_${now:%Y%m%d_%H%M%S}

Using device: cuda
Model flowers_mesh: 2,253,570 params
