Job started on Thu Aug  6 19:21:52 CEST 2026
Running on node: sgd02
Job ID: 19684160
GPU info:
Thu Aug  6 19:21:53 2026       
+-----------------------------------------------------------------------------------------+
| NVIDIA-SMI 580.126.20             Driver Version: 580.126.20     CUDA Version: 13.0     |
+-----------------------------------------+------------------------+----------------------+
| GPU  Name                 Persistence-M | Bus-Id          Disp.A | Volatile Uncorr. ECC |
| Fan  Temp   Perf          Pwr:Usage/Cap |           Memory-Usage | GPU-Util  Compute M. |
|                                         |                        |               MIG M. |
|=========================================+========================+======================|
|   0  NVIDIA GeForce RTX 4090        On  |   00000000:A1:00.0 Off |                  Off |
| 30%   36C    P8             20W /  450W |      17MiB /  24564MiB |      0%      Default |
|                                         |                        |                  N/A |
+-----------------------------------------+------------------------+----------------------+

+-----------------------------------------------------------------------------------------+
| Processes:                                                                              |
|  GPU   GI   CI              PID   Type   Process name                        GPU Memory |
|        ID   ID                                                               Usage      |
|=========================================================================================|
|    0   N/A  N/A            7180      G   /usr/lib/xorg/Xorg                        5MiB |
+-----------------------------------------------------------------------------------------+
CUDA available: True
Device: NVIDIA GeForce RTX 4090
Resuming from checkpoint: outputs/mgn_cylinder_20260804_170805/checkpoints/epoch_13.pt
data:
  name: cylinder
  root: data/cylinder_flow
  norm_stats_path: data/cylinder_flow/torch/norm_stats.pt
  batch_size: 8
  num_workers: 4
  train_in_memory: true
  valid_in_memory: true
  test_in_memory: true
  max_train_trajectories: null
  max_valid_trajectories: null
  max_test_trajectories: null
  train_noise_std: 0.02
  train_noise_gamma: 1.0
model:
  name: mgn
  net:
    _target_: flowers_gnn.models.mgn.MGN
    latent_size: 128
    num_mp_steps: 15
train:
  epochs: 50
  optimizer:
    _target_: torch.optim.AdamW
    lr: 0.0001
    weight_decay: 0.0001
  lr_scheduler:
    warmup_epochs: 1
    eta_min_factor: 0.1
  rollout:
    horizons:
    - 1
    - 10
    - 20
    - 50
    - 100
    - 200
    max_trajectories: 32
    eval_every_n_epochs: 1
  checkpoint:
    save_every_n_epochs: 1
    keep_last: 3
resume_from: outputs/mgn_cylinder_20260804_170805/checkpoints/epoch_13.pt
experiment:
  name: ${model.name}_${data.name}
  seed: 42
  project: flowers-gn
  wandb_mode: online
device: auto
output_dir: outputs/${experiment.name}_${now:%Y%m%d_%H%M%S}

Using device: cuda
Model mgn: 2,332,930 params
Resuming from checkpoint: outputs/mgn_cylinder_20260804_170805/checkpoints/epoch_13.pt
  Resumed at epoch 13, best_val_loss=0.005504
  Will continue from epoch 14
[epoch 14] train loss 0.003666  (6320.9s)
[epoch 14] valid loss 0.005493
[epoch 14] rollout: rmse_1_steps=0.0058, rmse_10_steps=0.0078, rmse_20_steps=0.0094, rmse_50_steps=0.0144, rmse_100_steps=0.0225, rmse_200_steps=0.0412
[epoch 15] train loss 0.003477  (6301.7s)
[epoch 15] valid loss 0.005968
[epoch 15] rollout: rmse_1_steps=0.0025, rmse_10_steps=0.0058, rmse_20_steps=0.0084, rmse_50_steps=0.0143, rmse_100_steps=0.0227, rmse_200_steps=0.0421
[epoch 16] train loss 0.003316  (6286.2s)
[epoch 16] valid loss 0.004713
[epoch 16] rollout: rmse_1_steps=0.0022, rmse_10_steps=0.0050, rmse_20_steps=0.0073, rmse_50_steps=0.0128, rmse_100_steps=0.0202, rmse_200_steps=0.0346
[epoch 17] train loss 0.003197  (6271.9s)
[epoch 17] valid loss 0.004812
[epoch 17] rollout: rmse_1_steps=0.0024, rmse_10_steps=0.0054, rmse_20_steps=0.0077, rmse_50_steps=0.0131, rmse_100_steps=0.0212, rmse_200_steps=0.0378
[epoch 18] train loss 0.003063  (6245.4s)
[epoch 18] valid loss 0.012365
[epoch 18] rollout: rmse_1_steps=0.0055, rmse_10_steps=0.0112, rmse_20_steps=0.0146, rmse_50_steps=0.0222, rmse_100_steps=0.0333, rmse_200_steps=0.0591
[epoch 19] train loss 0.002970  (6275.4s)
[epoch 19] valid loss 0.004479
[epoch 19] rollout: rmse_1_steps=0.0020, rmse_10_steps=0.0046, rmse_20_steps=0.0065, rmse_50_steps=0.0109, rmse_100_steps=0.0166, rmse_200_steps=0.0295
[epoch 20] train loss 0.002856  (6273.0s)
[epoch 20] valid loss 0.005688
[epoch 20] rollout: rmse_1_steps=0.0066, rmse_10_steps=0.0077, rmse_20_steps=0.0088, rmse_50_steps=0.0128, rmse_100_steps=0.0190, rmse_200_steps=0.0315
[epoch 21] train loss 0.002753  (6294.0s)
[epoch 21] valid loss 0.005061
[epoch 21] rollout: rmse_1_steps=0.0020, rmse_10_steps=0.0049, rmse_20_steps=0.0073, rmse_50_steps=0.0126, rmse_100_steps=0.0205, rmse_200_steps=0.0378
[epoch 22] train loss 0.002662  (6292.6s)
[epoch 22] valid loss 0.004707
[epoch 22] rollout: rmse_1_steps=0.0025, rmse_10_steps=0.0050, rmse_20_steps=0.0071, rmse_50_steps=0.0121, rmse_100_steps=0.0188, rmse_200_steps=0.0364
[epoch 23] train loss 0.002586  (6327.1s)
[epoch 23] valid loss 0.004640
[epoch 23] rollout: rmse_1_steps=0.0022, rmse_10_steps=0.0049, rmse_20_steps=0.0069, rmse_50_steps=0.0118, rmse_100_steps=0.0201, rmse_200_steps=0.0386
[epoch 24] train loss 0.002522  (6341.3s)
[epoch 24] valid loss 0.004275
[epoch 24] rollout: rmse_1_steps=0.0019, rmse_10_steps=0.0043, rmse_20_steps=0.0063, rmse_50_steps=0.0108, rmse_100_steps=0.0172, rmse_200_steps=0.0337
[epoch 25] train loss 0.002433  (6328.7s)
[epoch 25] valid loss 0.004924
[epoch 25] rollout: rmse_1_steps=0.0019, rmse_10_steps=0.0051, rmse_20_steps=0.0075, rmse_50_steps=0.0132, rmse_100_steps=0.0214, rmse_200_steps=0.0386
