Job started on Tue Aug  4 11:28:39 CEST 2026
Running on node: sgd02
Job ID: 19477483
GPU info:
Tue Aug  4 11:28:39 2026       
+-----------------------------------------------------------------------------------------+
| NVIDIA-SMI 580.126.20             Driver Version: 580.126.20     CUDA Version: 13.0     |
+-----------------------------------------+------------------------+----------------------+
| GPU  Name                 Persistence-M | Bus-Id          Disp.A | Volatile Uncorr. ECC |
| Fan  Temp   Perf          Pwr:Usage/Cap |           Memory-Usage | GPU-Util  Compute M. |
|                                         |                        |               MIG M. |
|=========================================+========================+======================|
|   0  NVIDIA GeForce RTX 4090        On  |   00000000:21:00.0 Off |                  Off |
| 31%   36C    P8             12W /  450W |      17MiB /  24564MiB |      0%      Default |
|                                         |                        |                  N/A |
+-----------------------------------------+------------------------+----------------------+

+-----------------------------------------------------------------------------------------+
| Processes:                                                                              |
|  GPU   GI   CI              PID   Type   Process name                        GPU Memory |
|        ID   ID                                                               Usage      |
|=========================================================================================|
|    0   N/A  N/A            7180      G   /usr/lib/xorg/Xorg                        5MiB |
+-----------------------------------------------------------------------------------------+
CUDA available: True
Device: NVIDIA GeForce RTX 4090
Resuming from checkpoint: outputs/mgn_cylinder_20260729_084819/checkpoints/epoch_3.pt
data:
  name: cylinder
  root: data/cylinder_flow
  norm_stats_path: data/cylinder_flow/torch/norm_stats.pt
  batch_size: 8
  num_workers: 4
  train_in_memory: true
  valid_in_memory: true
  test_in_memory: true
  max_train_trajectories: null
  max_valid_trajectories: null
  max_test_trajectories: null
  train_noise_std: 0.02
  train_noise_gamma: 1.0
model:
  name: mgn
  net:
    _target_: flowers_gnn.models.mgn.MGN
    latent_size: 128
    num_mp_steps: 15
train:
  epochs: 50
  optimizer:
    _target_: torch.optim.AdamW
    lr: 0.0001
    weight_decay: 0.0001
  lr_scheduler:
    warmup_epochs: 1
    eta_min_factor: 0.1
  rollout:
    horizons:
    - 1
    - 10
    - 20
    - 50
    - 100
    - 200
    max_trajectories: 32
    eval_every_n_epochs: 1
  checkpoint:
    save_every_n_epochs: 1
    keep_last: 3
resume_from: outputs/mgn_cylinder_20260729_084819/checkpoints/epoch_3.pt
experiment:
  name: ${model.name}_${data.name}
  seed: 42
  project: flowers-gnn
  wandb_mode: online
device: auto
output_dir: outputs/${experiment.name}_${now:%Y%m%d_%H%M%S}

Using device: cuda
